[1/1041] aawiki-latest-pages-articles-multistream.xml.bz2
[2/1041] aawikibooks-latest-pages-articles-multistream.xml.bz2
[3/1041] aawiktionary-latest-pages-articles-multistream.xml.bz2
[4/1041] abstractwiki-latest-pages-articles-multistream.xml.bz2
[5/1041] abwiki-latest-pages-articles-multistream.xml.bz2
[6/1041] abwiktionary-latest-pages-articles-multistream.xml.bz2
[7/1041] acewiki-latest-pages-articles-multistream.xml.bz2
[8/1041] advisorywiki-latest-pages-articles-multistream.xml.bz2
[9/1041] adywiki-latest-pages-articles-multistream.xml.bz2
[10/1041] aewikimedia-latest-pages-articles-multistream.xml.bz2
[11/1041] afwiki-latest-pages-articles-multistream.xml.bz2
[12/1041] afwikibooks-latest-pages-articles-multistream.xml.bz2
[13/1041] afwikiquote-latest-pages-articles-multistream.xml.bz2
[14/1041] afwiktionary-latest-pages-articles-multistream.xml.bz2
[15/1041] akwiki-latest-pages-articles-multistream.xml.bz2
[16/1041] akwikibooks-latest-pages-articles-multistream.xml.bz2
[17/1041] akwiktionary-latest-pages-articles-multistream.xml.bz2
[18/1041] alswiki-latest-pages-articles-multistream.xml.bz2
[19/1041] alswikibooks-latest-pages-articles-multistream.xml.bz2
[20/1041] alswikiquote-latest-pages-articles-multistream.xml.bz2
[21/1041] alswiktionary-latest-pages-articles-multistream.xml.bz2
[22/1041] altwiki-latest-pages-articles-multistream.xml.bz2
[23/1041] amiwiki-latest-pages-articles-multistream.xml.bz2
[24/1041] amwiki-latest-pages-articles-multistream.xml.bz2
[25/1041] amwikimedia-latest-pages-articles-multistream.xml.bz2
[26/1041] amwikiquote-latest-pages-articles-multistream.xml.bz2
[27/1041] amwiktionary-latest-pages-articles-multistream.xml.bz2
[28/1041] angwiki-latest-pages-articles-multistream.xml.bz2
[29/1041] angwikibooks-latest-pages-articles-multistream.xml.bz2
[30/1041] angwikiquote-latest-pages-articles-multistream.xml.bz2
[31/1041] angwikisource-latest-pages-articles-multistream.xml.bz2
[32/1041] angwiktionary-latest-pages-articles-multistream.xml.bz2
[33/1041] annwiki-latest-pages-articles-multistream.xml.bz2
[34/1041] anpwiki-latest-pages-articles-multistream.xml.bz2
[35/1041] anwiki-latest-pages-articles-multistream.xml.bz2
[36/1041] anwiktionary-latest-pages-articles-multistream.xml.bz2
[37/1041] apiportalwiki-latest-pages-articles-multistream.xml.bz2
[38/1041] arcwiki-latest-pages-articles-multistream.xml.bz2
[39/1041] arwiki-latest-pages-articles-multistream.xml.bz2
[40/1041] arwikibooks-latest-pages-articles-multistream.xml.bz2
[41/1041] arwikimedia-latest-pages-articles-multistream.xml.bz2
[42/1041] arwikinews-latest-pages-articles-multistream.xml.bz2
[43/1041] arwikiquote-latest-pages-articles-multistream.xml.bz2
[44/1041] arwikisource-latest-pages-articles-multistream.xml.bz2
[45/1041] arwikiversity-latest-pages-articles-multistream.xml.bz2
[46/1041] arwiktionary-latest-pages-articles-multistream.xml.bz2
[47/1041] arywiki-latest-pages-articles-multistream.xml.bz2
[48/1041] arzwiki-latest-pages-articles-multistream.xml.bz2
[49/1041] astwiki-latest-pages-articles-multistream.xml.bz2
[50/1041] astwikibooks-latest-pages-articles-multistream.xml.bz2
[51/1041] astwikiquote-latest-pages-articles-multistream.xml.bz2
[52/1041] astwiktionary-latest-pages-articles-multistream.xml.bz2
[53/1041] aswiki-latest-pages-articles-multistream.xml.bz2
[54/1041] aswikibooks-latest-pages-articles-multistream.xml.bz2
[55/1041] aswikiquote-latest-pages-articles-multistream.xml.bz2
[56/1041] aswikisource-latest-pages-articles-multistream.xml.bz2
[57/1041] aswiktionary-latest-pages-articles-multistream.xml.bz2
[58/1041] atjwiki-latest-pages-articles-multistream.xml.bz2
[59/1041] avkwiki-latest-pages-articles-multistream.xml.bz2
[60/1041] avwiki-latest-pages-articles-multistream.xml.bz2
[61/1041] avwiktionary-latest-pages-articles-multistream.xml.bz2
[62/1041] awawiki-latest-pages-articles-multistream.xml.bz2
[63/1041] aywiki-latest-pages-articles-multistream.xml.bz2
[64/1041] aywikibooks-latest-pages-articles-multistream.xml.bz2
[65/1041] aywiktionary-latest-pages-articles-multistream.xml.bz2
[66/1041] azbwiki-latest-pages-articles-multistream.xml.bz2
[67/1041] azwiki-latest-pages-articles-multistream.xml.bz2
[68/1041] azwikibooks-latest-pages-articles-multistream.xml.bz2
[69/1041] azwikimedia-latest-pages-articles-multistream.xml.bz2
[70/1041] azwikiquote-latest-pages-articles-multistream.xml.bz2
[71/1041] azwikisource-latest-pages-articles-multistream.xml.bz2
[72/1041] azwiktionary-latest-pages-articles-multistream.xml.bz2
[73/1041] banwiki-latest-pages-articles-multistream.xml.bz2
[74/1041] banwikisource-latest-pages-articles-multistream.xml.bz2
[75/1041] barwiki-latest-pages-articles-multistream.xml.bz2
[76/1041] bat_smgwiki-latest-pages-articles-multistream.xml.bz2
[77/1041] bawiki-latest-pages-articles-multistream.xml.bz2
[78/1041] bawikibooks-latest-pages-articles-multistream.xml.bz2
[79/1041] bbcwiki-latest-pages-articles-multistream.xml.bz2
[80/1041] bclwiki-latest-pages-articles-multistream.xml.bz2
[81/1041] bclwikiquote-latest-pages-articles-multistream.xml.bz2
[82/1041] bclwikisource-latest-pages-articles-multistream.xml.bz2
[83/1041] bclwiktionary-latest-pages-articles-multistream.xml.bz2
[84/1041] bdrwiki-latest-pages-articles-multistream.xml.bz2
[85/1041] bdwikimedia-latest-pages-articles-multistream.xml.bz2
[86/1041] be_x_oldwiki-latest-pages-articles-multistream.xml.bz2
[87/1041] betawikiversity-latest-pages-articles-multistream.xml.bz2
[88/1041] bewiki-latest-pages-articles-multistream.xml.bz2
[89/1041] bewikibooks-latest-pages-articles-multistream.xml.bz2
[90/1041] bewikimedia-latest-pages-articles-multistream.xml.bz2
[91/1041] bewikiquote-latest-pages-articles-multistream.xml.bz2
[92/1041] bewikisource-latest-pages-articles-multistream.xml.bz2
[93/1041] bewiktionary-latest-pages-articles-multistream.xml.bz2
[94/1041] bewwiki-latest-pages-articles-multistream.xml.bz2
[95/1041] bewwiktionary-latest-pages-articles-multistream.xml.bz2
[96/1041] bgwiki-latest-pages-articles-multistream.xml.bz2
[97/1041] bgwikibooks-latest-pages-articles-multistream.xml.bz2
[98/1041] bgwikinews-latest-pages-articles-multistream.xml.bz2
[99/1041] bgwikiquote-latest-pages-articles-multistream.xml.bz2
[100/1041] bgwikisource-latest-pages-articles-multistream.xml.bz2
[101/1041] bgwiktionary-latest-pages-articles-multistream.xml.bz2
[102/1041] bhwiki-latest-pages-articles-multistream.xml.bz2
[103/1041] bhwiktionary-latest-pages-articles-multistream.xml.bz2
[104/1041] biwiki-latest-pages-articles-multistream.xml.bz2
[105/1041] biwikibooks-latest-pages-articles-multistream.xml.bz2
[106/1041] biwiktionary-latest-pages-articles-multistream.xml.bz2
[107/1041] bjnwiki-latest-pages-articles-multistream.xml.bz2
[108/1041] bjnwikiquote-latest-pages-articles-multistream.xml.bz2
[109/1041] bjnwiktionary-latest-pages-articles-multistream.xml.bz2
[110/1041] blkwiki-latest-pages-articles-multistream.xml.bz2
[111/1041] blkwiktionary-latest-pages-articles-multistream.xml.bz2
[112/1041] bmwiki-latest-pages-articles-multistream.xml.bz2
[113/1041] bmwikibooks-latest-pages-articles-multistream.xml.bz2
[114/1041] bmwikiquote-latest-pages-articles-multistream.xml.bz2
[115/1041] bmwiktionary-latest-pages-articles-multistream.xml.bz2
[116/1041] bnwiki-latest-pages-articles-multistream.xml.bz2
[117/1041] bnwikibooks-latest-pages-articles-multistream.xml.bz2
[118/1041] bnwikiquote-latest-pages-articles-multistream.xml.bz2
[119/1041] bnwikisource-latest-pages-articles-multistream.xml.bz2
[120/1041] bnwikivoyage-latest-pages-articles-multistream.xml.bz2
[121/1041] bnwiktionary-latest-pages-articles-multistream.xml.bz2
[122/1041] bolwiki-latest-pages-articles-multistream.xml.bz2
[123/1041] bowiki-latest-pages-articles-multistream.xml.bz2
[124/1041] bowikibooks-latest-pages-articles-multistream.xml.bz2
[125/1041] bowiktionary-latest-pages-articles-multistream.xml.bz2
[126/1041] bpywiki-latest-pages-articles-multistream.xml.bz2
[127/1041] brwiki-latest-pages-articles-multistream.xml.bz2
[128/1041] brwikimedia-latest-pages-articles-multistream.xml.bz2
[129/1041] brwikiquote-latest-pages-articles-multistream.xml.bz2
[130/1041] brwikisource-latest-pages-articles-multistream.xml.bz2
[131/1041] brwiktionary-latest-pages-articles-multistream.xml.bz2
[132/1041] bswiki-latest-pages-articles-multistream.xml.bz2
[133/1041] bswikibooks-latest-pages-articles-multistream.xml.bz2
[134/1041] bswikinews-latest-pages-articles-multistream.xml.bz2
[135/1041] bswikiquote-latest-pages-articles-multistream.xml.bz2
[136/1041] bswikisource-latest-pages-articles-multistream.xml.bz2
[137/1041] bswiktionary-latest-pages-articles-multistream.xml.bz2
[138/1041] btmwiki-latest-pages-articles-multistream.xml.bz2
[139/1041] btmwiktionary-latest-pages-articles-multistream.xml.bz2
[140/1041] bugwiki-latest-pages-articles-multistream.xml.bz2
[141/1041] bxrwiki-latest-pages-articles-multistream.xml.bz2
[142/1041] cawiki-latest-pages-articles-multistream.xml.bz2
[143/1041] cawikibooks-latest-pages-articles-multistream.xml.bz2
[144/1041] cawikimedia-latest-pages-articles-multistream.xml.bz2
[145/1041] cawikinews-latest-pages-articles-multistream.xml.bz2
[146/1041] cawikiquote-latest-pages-articles-multistream.xml.bz2
[147/1041] cawikisource-latest-pages-articles-multistream.xml.bz2
[148/1041] cawiktionary-latest-pages-articles-multistream.xml.bz2
[149/1041] cbk_zamwiki-latest-pages-articles-multistream.xml.bz2
[150/1041] cdowiki-latest-pages-articles-multistream.xml.bz2
[151/1041] cebwiki-latest-pages-articles-multistream.xml.bz2
[152/1041] cewiki-latest-pages-articles-multistream.xml.bz2
[153/1041] chowiki-latest-pages-articles-multistream.xml.bz2
[154/1041] chrwiki-latest-pages-articles-multistream.xml.bz2
[155/1041] chrwiktionary-latest-pages-articles-multistream.xml.bz2
[156/1041] chwiki-latest-pages-articles-multistream.xml.bz2
[157/1041] chwikibooks-latest-pages-articles-multistream.xml.bz2
[158/1041] chwiktionary-latest-pages-articles-multistream.xml.bz2
[159/1041] chywiki-latest-pages-articles-multistream.xml.bz2
[160/1041] ckbwiki-latest-pages-articles-multistream.xml.bz2
[161/1041] ckbwiktionary-latest-pages-articles-multistream.xml.bz2
[162/1041] cnwikimedia-latest-pages-articles-multistream.xml.bz2
[163/1041] commonswiki-latest-pages-articles-multistream.xml.bz2
[164/1041] cowiki-latest-pages-articles-multistream.xml.bz2
[165/1041] cowikibooks-latest-pages-articles-multistream.xml.bz2
[166/1041] cowikimedia-latest-pages-articles-multistream.xml.bz2
[167/1041] cowikiquote-latest-pages-articles-multistream.xml.bz2
[168/1041] cowiktionary-latest-pages-articles-multistream.xml.bz2
[169/1041] crhwiki-latest-pages-articles-multistream.xml.bz2
[170/1041] crwiki-latest-pages-articles-multistream.xml.bz2
[171/1041] crwikiquote-latest-pages-articles-multistream.xml.bz2
[172/1041] crwiktionary-latest-pages-articles-multistream.xml.bz2
[173/1041] csbwiki-latest-pages-articles-multistream.xml.bz2
[174/1041] csbwiktionary-latest-pages-articles-multistream.xml.bz2
[175/1041] cswiki-latest-pages-articles-multistream.xml.bz2
[176/1041] cswikibooks-latest-pages-articles-multistream.xml.bz2
[177/1041] cswikinews-latest-pages-articles-multistream.xml.bz2
[178/1041] cswikiquote-latest-pages-articles-multistream.xml.bz2
[179/1041] cswikisource-latest-pages-articles-multistream.xml.bz2
[180/1041] cswikiversity-latest-pages-articles-multistream.xml.bz2
[181/1041] cswikivoyage-latest-pages-articles-multistream.xml.bz2
[182/1041] cswiktionary-latest-pages-articles-multistream.xml.bz2
[183/1041] cuwiki-latest-pages-articles-multistream.xml.bz2
[184/1041] cvwiki-latest-pages-articles-multistream.xml.bz2
[185/1041] cvwikibooks-latest-pages-articles-multistream.xml.bz2
[186/1041] cywiki-latest-pages-articles-multistream.xml.bz2
[187/1041] cywikibooks-latest-pages-articles-multistream.xml.bz2
[188/1041] cywikiquote-latest-pages-articles-multistream.xml.bz2
[189/1041] cywikisource-latest-pages-articles-multistream.xml.bz2
[190/1041] cywiktionary-latest-pages-articles-multistream.xml.bz2
[191/1041] dagwiki-latest-pages-articles-multistream.xml.bz2
[192/1041] dawiki-latest-pages-articles-multistream.xml.bz2
[193/1041] dawikibooks-latest-pages-articles-multistream.xml.bz2
[194/1041] dawikiquote-latest-pages-articles-multistream.xml.bz2
[195/1041] dawikisource-latest-pages-articles-multistream.xml.bz2
[196/1041] dawiktionary-latest-pages-articles-multistream.xml.bz2
[197/1041] de_labswikimedia-latest-pages-articles-multistream.xml.bz2
[198/1041] dewiki-latest-pages-articles-multistream.xml.bz2
[199/1041] dewikibooks-latest-pages-articles-multistream.xml.bz2
[200/1041] dewikinews-latest-pages-articles-multistream.xml.bz2
[201/1041] dewikiquote-latest-pages-articles-multistream.xml.bz2
[202/1041] dewikisource-latest-pages-articles-multistream.xml.bz2
[203/1041] dewikiversity-latest-pages-articles-multistream.xml.bz2
[204/1041] dewikivoyage-latest-pages-articles-multistream.xml.bz2
[205/1041] dewiktionary-latest-pages-articles-multistream.xml.bz2
[206/1041] dgawiki-latest-pages-articles-multistream.xml.bz2
[207/1041] dinwiki-latest-pages-articles-multistream.xml.bz2
[208/1041] diqwiki-latest-pages-articles-multistream.xml.bz2
[209/1041] diqwiktionary-latest-pages-articles-multistream.xml.bz2
[210/1041] dkwikimedia-latest-pages-articles-multistream.xml.bz2
[211/1041] donatewiki-latest-pages-articles-multistream.xml.bz2
[212/1041] dsbwiki-latest-pages-articles-multistream.xml.bz2
[213/1041] dtpwiki-latest-pages-articles-multistream.xml.bz2
[214/1041] dtywiki-latest-pages-articles-multistream.xml.bz2
[215/1041] dvwiki-latest-pages-articles-multistream.xml.bz2
[216/1041] dvwiktionary-latest-pages-articles-multistream.xml.bz2
[217/1041] dzwiki-latest-pages-articles-multistream.xml.bz2
[218/1041] dzwiktionary-latest-pages-articles-multistream.xml.bz2
[219/1041] eewiki-latest-pages-articles-multistream.xml.bz2
[220/1041] elwiki-latest-pages-articles-multistream.xml.bz2
[221/1041] elwikibooks-latest-pages-articles-multistream.xml.bz2
[222/1041] elwikinews-latest-pages-articles-multistream.xml.bz2
[223/1041] elwikiquote-latest-pages-articles-multistream.xml.bz2
[224/1041] elwikisource-latest-pages-articles-multistream.xml.bz2
[225/1041] elwikiversity-latest-pages-articles-multistream.xml.bz2
[226/1041] elwikivoyage-latest-pages-articles-multistream.xml.bz2
[227/1041] elwiktionary-latest-pages-articles-multistream.xml.bz2
[228/1041] emlwiki-latest-pages-articles-multistream.xml.bz2
[229/1041] en_labswikimedia-latest-pages-articles-multistream.xml.bz2
[230/1041] enwiki-latest-pages-articles-multistream.xml.bz2
[231/1041] enwikibooks-latest-pages-articles-multistream.xml.bz2
[232/1041] enwikinews-latest-pages-articles-multistream.xml.bz2
[233/1041] enwikiquote-latest-pages-articles-multistream.xml.bz2
[234/1041] enwikisource-latest-pages-articles-multistream.xml.bz2
[235/1041] enwikiversity-latest-pages-articles-multistream.xml.bz2
[236/1041] enwikivoyage-latest-pages-articles-multistream.xml.bz2
[237/1041] enwiktionary-latest-pages-articles-multistream.xml.bz2
[238/1041] eowiki-latest-pages-articles-multistream.xml.bz2
[239/1041] eowikibooks-latest-pages-articles-multistream.xml.bz2
[240/1041] eowikinews-latest-pages-articles-multistream.xml.bz2
[241/1041] eowikiquote-latest-pages-articles-multistream.xml.bz2
[242/1041] eowikisource-latest-pages-articles-multistream.xml.bz2
[243/1041] eowikivoyage-latest-pages-articles-multistream.xml.bz2
[244/1041] eowiktionary-latest-pages-articles-multistream.xml.bz2
[245/1041] eswiki-latest-pages-articles-multistream.xml.bz2
[246/1041] eswikibooks-latest-pages-articles-multistream.xml.bz2
[247/1041] eswikinews-latest-pages-articles-multistream.xml.bz2
[248/1041] eswikiquote-latest-pages-articles-multistream.xml.bz2
[249/1041] eswikisource-latest-pages-articles-multistream.xml.bz2
[250/1041] eswikiversity-latest-pages-articles-multistream.xml.bz2
[251/1041] eswikivoyage-latest-pages-articles-multistream.xml.bz2
[252/1041] eswiktionary-latest-pages-articles-multistream.xml.bz2
[253/1041] etwiki-latest-pages-articles-multistream.xml.bz2
[254/1041] etwikibooks-latest-pages-articles-multistream.xml.bz2
[255/1041] etwikimedia-latest-pages-articles-multistream.xml.bz2
[256/1041] etwikiquote-latest-pages-articles-multistream.xml.bz2
[257/1041] etwikisource-latest-pages-articles-multistream.xml.bz2
[258/1041] etwiktionary-latest-pages-articles-multistream.xml.bz2
[259/1041] euwiki-latest-pages-articles-multistream.xml.bz2
[260/1041] euwikibooks-latest-pages-articles-multistream.xml.bz2
[261/1041] euwikiquote-latest-pages-articles-multistream.xml.bz2
[262/1041] euwikisource-latest-pages-articles-multistream.xml.bz2
[263/1041] euwiktionary-latest-pages-articles-multistream.xml.bz2
[264/1041] extwiki-latest-pages-articles-multistream.xml.bz2
[265/1041] fatwiki-latest-pages-articles-multistream.xml.bz2
[266/1041] fawiki-latest-pages-articles-multistream.xml.bz2
[267/1041] fawikibooks-latest-pages-articles-multistream.xml.bz2
[268/1041] fawikinews-latest-pages-articles-multistream.xml.bz2
[269/1041] fawikiquote-latest-pages-articles-multistream.xml.bz2
[270/1041] fawikisource-latest-pages-articles-multistream.xml.bz2
[271/1041] fawikivoyage-latest-pages-articles-multistream.xml.bz2
[272/1041] fawiktionary-latest-pages-articles-multistream.xml.bz2
[273/1041] ffwiki-latest-pages-articles-multistream.xml.bz2
[274/1041] fiu_vrowiki-latest-pages-articles-multistream.xml.bz2
[275/1041] fiwiki-latest-pages-articles-multistream.xml.bz2
[276/1041] fiwikibooks-latest-pages-articles-multistream.xml.bz2
[277/1041] fiwikimedia-latest-pages-articles-multistream.xml.bz2
[278/1041] fiwikinews-latest-pages-articles-multistream.xml.bz2
[279/1041] fiwikiquote-latest-pages-articles-multistream.xml.bz2
[280/1041] fiwikisource-latest-pages-articles-multistream.xml.bz2
[281/1041] fiwikiversity-latest-pages-articles-multistream.xml.bz2
[282/1041] fiwikivoyage-latest-pages-articles-multistream.xml.bz2
[283/1041] fiwiktionary-latest-pages-articles-multistream.xml.bz2
[284/1041] fixcopyrightwiki-latest-pages-articles-multistream.xml.bz2
[285/1041] fjwiki-latest-pages-articles-multistream.xml.bz2
[286/1041] fjwiktionary-latest-pages-articles-multistream.xml.bz2
[287/1041] flaggedrevs_labswikimedia-latest-pages-articles-multistream.xml.bz2
[288/1041] fonwiki-latest-pages-articles-multistream.xml.bz2
[289/1041] foundationwiki-latest-pages-articles-multistream.xml.bz2
[290/1041] fowiki-latest-pages-articles-multistream.xml.bz2
[291/1041] fowikisource-latest-pages-articles-multistream.xml.bz2
[292/1041] fowiktionary-latest-pages-articles-multistream.xml.bz2
[293/1041] frpwiki-latest-pages-articles-multistream.xml.bz2
[294/1041] frrwiki-latest-pages-articles-multistream.xml.bz2
[295/1041] frwiki-latest-pages-articles-multistream.xml.bz2
[296/1041] frwikibooks-latest-pages-articles-multistream.xml.bz2
[297/1041] frwikinews-latest-pages-articles-multistream.xml.bz2
[298/1041] frwikiquote-latest-pages-articles-multistream.xml.bz2
[299/1041] frwikisource-latest-pages-articles-multistream.xml.bz2
[300/1041] frwikiversity-latest-pages-articles-multistream.xml.bz2
[301/1041] frwikivoyage-latest-pages-articles-multistream.xml.bz2
[302/1041] frwiktionary-latest-pages-articles-multistream.xml.bz2
[303/1041] furwiki-latest-pages-articles-multistream.xml.bz2
[304/1041] fywiki-latest-pages-articles-multistream.xml.bz2
[305/1041] fywikibooks-latest-pages-articles-multistream.xml.bz2
[306/1041] fywiktionary-latest-pages-articles-multistream.xml.bz2
[307/1041] gagwiki-latest-pages-articles-multistream.xml.bz2
[308/1041] ganwiki-latest-pages-articles-multistream.xml.bz2
[309/1041] gawiki-latest-pages-articles-multistream.xml.bz2
[310/1041] gawikibooks-latest-pages-articles-multistream.xml.bz2
[311/1041] gawikiquote-latest-pages-articles-multistream.xml.bz2
[312/1041] gawiktionary-latest-pages-articles-multistream.xml.bz2
[313/1041] gcrwiki-latest-pages-articles-multistream.xml.bz2
[314/1041] gdwiki-latest-pages-articles-multistream.xml.bz2
[315/1041] gdwiktionary-latest-pages-articles-multistream.xml.bz2
[316/1041] gewikimedia-latest-pages-articles-multistream.xml.bz2
[317/1041] glkwiki-latest-pages-articles-multistream.xml.bz2
[318/1041] glwiki-latest-pages-articles-multistream.xml.bz2
[319/1041] glwikibooks-latest-pages-articles-multistream.xml.bz2
[320/1041] glwikiquote-latest-pages-articles-multistream.xml.bz2
[321/1041] glwikisource-latest-pages-articles-multistream.xml.bz2
[322/1041] glwiktionary-latest-pages-articles-multistream.xml.bz2
[323/1041] gnwiki-latest-pages-articles-multistream.xml.bz2
[324/1041] gnwikibooks-latest-pages-articles-multistream.xml.bz2
[325/1041] gnwiktionary-latest-pages-articles-multistream.xml.bz2
[326/1041] gomwiki-latest-pages-articles-multistream.xml.bz2
[327/1041] gomwiktionary-latest-pages-articles-multistream.xml.bz2
[328/1041] gorwiki-latest-pages-articles-multistream.xml.bz2
[329/1041] gorwikiquote-latest-pages-articles-multistream.xml.bz2
[330/1041] gorwiktionary-latest-pages-articles-multistream.xml.bz2
[331/1041] gotwiki-latest-pages-articles-multistream.xml.bz2
[332/1041] gotwikibooks-latest-pages-articles-multistream.xml.bz2
[333/1041] gpewiki-latest-pages-articles-multistream.xml.bz2
[334/1041] grwikimedia-latest-pages-articles-multistream.xml.bz2
[335/1041] gucwiki-latest-pages-articles-multistream.xml.bz2
[336/1041] gurwiki-latest-pages-articles-multistream.xml.bz2
[337/1041] guwiki-latest-pages-articles-multistream.xml.bz2
[338/1041] guwikibooks-latest-pages-articles-multistream.xml.bz2
[339/1041] guwikiquote-latest-pages-articles-multistream.xml.bz2
[340/1041] guwikisource-latest-pages-articles-multistream.xml.bz2
[341/1041] guwiktionary-latest-pages-articles-multistream.xml.bz2
[342/1041] guwwiki-latest-pages-articles-multistream.xml.bz2
[343/1041] guwwikinews-latest-pages-articles-multistream.xml.bz2
[344/1041] guwwikiquote-latest-pages-articles-multistream.xml.bz2
[345/1041] guwwiktionary-latest-pages-articles-multistream.xml.bz2
[346/1041] gvwiki-latest-pages-articles-multistream.xml.bz2
[347/1041] gvwiktionary-latest-pages-articles-multistream.xml.bz2
[348/1041] hakwiki-latest-pages-articles-multistream.xml.bz2
[349/1041] hawiki-latest-pages-articles-multistream.xml.bz2
[350/1041] hawiktionary-latest-pages-articles-multistream.xml.bz2
[351/1041] hawwiki-latest-pages-articles-multistream.xml.bz2
[352/1041] hewiki-latest-pages-articles-multistream.xml.bz2
[353/1041] hewikibooks-latest-pages-articles-multistream.xml.bz2
[354/1041] hewikinews-latest-pages-articles-multistream.xml.bz2
[355/1041] hewikiquote-latest-pages-articles-multistream.xml.bz2
[356/1041] hewikisource-latest-pages-articles-multistream.xml.bz2
[357/1041] hewikivoyage-latest-pages-articles-multistream.xml.bz2
[358/1041] hewiktionary-latest-pages-articles-multistream.xml.bz2
[359/1041] hifwiki-latest-pages-articles-multistream.xml.bz2
[360/1041] hifwiktionary-latest-pages-articles-multistream.xml.bz2
[361/1041] hiwiki-latest-pages-articles-multistream.xml.bz2
[362/1041] hiwikibooks-latest-pages-articles-multistream.xml.bz2
[363/1041] hiwikimedia-latest-pages-articles-multistream.xml.bz2
[364/1041] hiwikiquote-latest-pages-articles-multistream.xml.bz2
[365/1041] hiwikisource-latest-pages-articles-multistream.xml.bz2
[366/1041] hiwikiversity-latest-pages-articles-multistream.xml.bz2
[367/1041] hiwikivoyage-latest-pages-articles-multistream.xml.bz2
[368/1041] hiwiktionary-latest-pages-articles-multistream.xml.bz2
[369/1041] howiki-latest-pages-articles-multistream.xml.bz2
[370/1041] hrwiki-latest-pages-articles-multistream.xml.bz2
[371/1041] hrwikibooks-latest-pages-articles-multistream.xml.bz2
[372/1041] hrwikiquote-latest-pages-articles-multistream.xml.bz2
[373/1041] hrwikisource-latest-pages-articles-multistream.xml.bz2
[374/1041] hrwiktionary-latest-pages-articles-multistream.xml.bz2
[375/1041] hsbwiki-latest-pages-articles-multistream.xml.bz2
[376/1041] hsbwiktionary-latest-pages-articles-multistream.xml.bz2
[377/1041] htwiki-latest-pages-articles-multistream.xml.bz2
[378/1041] htwikisource-latest-pages-articles-multistream.xml.bz2
[379/1041] huwiki-latest-pages-articles-multistream.xml.bz2
[380/1041] huwikibooks-latest-pages-articles-multistream.xml.bz2
[381/1041] huwikinews-latest-pages-articles-multistream.xml.bz2
[382/1041] huwikiquote-latest-pages-articles-multistream.xml.bz2
[383/1041] huwikisource-latest-pages-articles-multistream.xml.bz2
[384/1041] huwiktionary-latest-pages-articles-multistream.xml.bz2
[385/1041] hywiki-latest-pages-articles-multistream.xml.bz2
[386/1041] hywikibooks-latest-pages-articles-multistream.xml.bz2
[387/1041] hywikiquote-latest-pages-articles-multistream.xml.bz2
[388/1041] hywikisource-latest-pages-articles-multistream.xml.bz2
[389/1041] hywiktionary-latest-pages-articles-multistream.xml.bz2
[390/1041] hywwiki-latest-pages-articles-multistream.xml.bz2
[391/1041] hzwiki-latest-pages-articles-multistream.xml.bz2
[392/1041] iawiki-latest-pages-articles-multistream.xml.bz2
[393/1041] iawikibooks-latest-pages-articles-multistream.xml.bz2
[394/1041] iawiktionary-latest-pages-articles-multistream.xml.bz2
[395/1041] ibawiki-latest-pages-articles-multistream.xml.bz2
[396/1041] idwiki-latest-pages-articles-multistream.xml.bz2
[397/1041] idwikibooks-latest-pages-articles-multistream.xml.bz2
[398/1041] idwikimedia-latest-pages-articles-multistream.xml.bz2
[399/1041] idwikiquote-latest-pages-articles-multistream.xml.bz2
[400/1041] idwikisource-latest-pages-articles-multistream.xml.bz2
[401/1041] idwikivoyage-latest-pages-articles-multistream.xml.bz2
[402/1041] idwiktionary-latest-pages-articles-multistream.xml.bz2
[403/1041] iewiki-latest-pages-articles-multistream.xml.bz2
[404/1041] iewikibooks-latest-pages-articles-multistream.xml.bz2
[405/1041] iewiktionary-latest-pages-articles-multistream.xml.bz2
[406/1041] iglwiki-latest-pages-articles-multistream.xml.bz2
[407/1041] igwiki-latest-pages-articles-multistream.xml.bz2
[408/1041] igwikiquote-latest-pages-articles-multistream.xml.bz2
[409/1041] igwiktionary-latest-pages-articles-multistream.xml.bz2
[410/1041] iiwiki-latest-pages-articles-multistream.xml.bz2
[411/1041] ikwiki-latest-pages-articles-multistream.xml.bz2
[412/1041] ikwiktionary-latest-pages-articles-multistream.xml.bz2
[413/1041] ilowiki-latest-pages-articles-multistream.xml.bz2
[414/1041] incubatorwiki-latest-pages-articles-multistream.xml.bz2
[415/1041] inhwiki-latest-pages-articles-multistream.xml.bz2
[416/1041] iowiki-latest-pages-articles-multistream.xml.bz2
[417/1041] iowiktionary-latest-pages-articles-multistream.xml.bz2
[418/1041] isvwiki-latest-pages-articles-multistream.xml.bz2
[419/1041] iswiki-latest-pages-articles-multistream.xml.bz2
[420/1041] iswikibooks-latest-pages-articles-multistream.xml.bz2
[421/1041] iswikiquote-latest-pages-articles-multistream.xml.bz2
[422/1041] iswikisource-latest-pages-articles-multistream.xml.bz2
[423/1041] iswiktionary-latest-pages-articles-multistream.xml.bz2
[424/1041] itwiki-latest-pages-articles-multistream.xml.bz2
[425/1041] itwikibooks-latest-pages-articles-multistream.xml.bz2
[426/1041] itwikinews-latest-pages-articles-multistream.xml.bz2
[427/1041] itwikiquote-latest-pages-articles-multistream.xml.bz2
[428/1041] itwikisource-latest-pages-articles-multistream.xml.bz2
[429/1041] itwikiversity-latest-pages-articles-multistream.xml.bz2
[430/1041] itwikivoyage-latest-pages-articles-multistream.xml.bz2
[431/1041] itwiktionary-latest-pages-articles-multistream.xml.bz2
[432/1041] iuwiki-latest-pages-articles-multistream.xml.bz2
[433/1041] iuwiktionary-latest-pages-articles-multistream.xml.bz2
[434/1041] jamwiki-latest-pages-articles-multistream.xml.bz2
[435/1041] jawiki-latest-pages-articles-multistream.xml.bz2
[436/1041] jawikibooks-latest-pages-articles-multistream.xml.bz2
[437/1041] jawikinews-latest-pages-articles-multistream.xml.bz2
[438/1041] jawikiquote-latest-pages-articles-multistream.xml.bz2
[439/1041] jawikisource-latest-pages-articles-multistream.xml.bz2
[440/1041] jawikiversity-latest-pages-articles-multistream.xml.bz2
[441/1041] jawikivoyage-latest-pages-articles-multistream.xml.bz2
[442/1041] jawiktionary-latest-pages-articles-multistream.xml.bz2
[443/1041] jbowiki-latest-pages-articles-multistream.xml.bz2
[444/1041] jbowiktionary-latest-pages-articles-multistream.xml.bz2
[445/1041] jvwiki-latest-pages-articles-multistream.xml.bz2
[446/1041] jvwikisource-latest-pages-articles-multistream.xml.bz2
[447/1041] jvwiktionary-latest-pages-articles-multistream.xml.bz2
[448/1041] kaawiki-latest-pages-articles-multistream.xml.bz2
[449/1041] kaawiktionary-latest-pages-articles-multistream.xml.bz2
[450/1041] kabwiki-latest-pages-articles-multistream.xml.bz2
[451/1041] kaiwiki-latest-pages-articles-multistream.xml.bz2
[452/1041] kajwiki-latest-pages-articles-multistream.xml.bz2
[453/1041] kawiki-latest-pages-articles-multistream.xml.bz2
[454/1041] kawikibooks-latest-pages-articles-multistream.xml.bz2
[455/1041] kawikiquote-latest-pages-articles-multistream.xml.bz2
[456/1041] kawikisource-latest-pages-articles-multistream.xml.bz2
[457/1041] kawiktionary-latest-pages-articles-multistream.xml.bz2
[458/1041] kbdwiki-latest-pages-articles-multistream.xml.bz2
[459/1041] kbdwiktionary-latest-pages-articles-multistream.xml.bz2
[460/1041] kbpwiki-latest-pages-articles-multistream.xml.bz2
[461/1041] kcgwiki-latest-pages-articles-multistream.xml.bz2
[462/1041] kcgwiktionary-latest-pages-articles-multistream.xml.bz2
[463/1041] kgewiki-latest-pages-articles-multistream.xml.bz2
[464/1041] kgwiki-latest-pages-articles-multistream.xml.bz2
[465/1041] kiwiki-latest-pages-articles-multistream.xml.bz2
[466/1041] kjwiki-latest-pages-articles-multistream.xml.bz2
[467/1041] kkwiki-latest-pages-articles-multistream.xml.bz2
[468/1041] kkwikibooks-latest-pages-articles-multistream.xml.bz2
[469/1041] kkwikiquote-latest-pages-articles-multistream.xml.bz2
[470/1041] kkwiktionary-latest-pages-articles-multistream.xml.bz2
[471/1041] klwiki-latest-pages-articles-multistream.xml.bz2
[472/1041] klwiktionary-latest-pages-articles-multistream.xml.bz2
[473/1041] kmwiki-latest-pages-articles-multistream.xml.bz2
[474/1041] kmwikibooks-latest-pages-articles-multistream.xml.bz2
[475/1041] kmwiktionary-latest-pages-articles-multistream.xml.bz2
[476/1041] kncwiki-latest-pages-articles-multistream.xml.bz2
[477/1041] knwiki-latest-pages-articles-multistream.xml.bz2
[478/1041] knwikibooks-latest-pages-articles-multistream.xml.bz2
[479/1041] knwikiquote-latest-pages-articles-multistream.xml.bz2
[480/1041] knwikisource-latest-pages-articles-multistream.xml.bz2
[481/1041] knwiktionary-latest-pages-articles-multistream.xml.bz2
[482/1041] koiwiki-latest-pages-articles-multistream.xml.bz2
[483/1041] kowiki-latest-pages-articles-multistream.xml.bz2
[484/1041] kowikibooks-latest-pages-articles-multistream.xml.bz2
[485/1041] kowikinews-latest-pages-articles-multistream.xml.bz2
[486/1041] kowikiquote-latest-pages-articles-multistream.xml.bz2
[487/1041] kowikisource-latest-pages-articles-multistream.xml.bz2
[488/1041] kowikiversity-latest-pages-articles-multistream.xml.bz2
[489/1041] kowiktionary-latest-pages-articles-multistream.xml.bz2
[490/1041] krcwiki-latest-pages-articles-multistream.xml.bz2
[491/1041] krwiki-latest-pages-articles-multistream.xml.bz2
[492/1041] krwikiquote-latest-pages-articles-multistream.xml.bz2
[493/1041] kshwiki-latest-pages-articles-multistream.xml.bz2
[494/1041] kswiki-latest-pages-articles-multistream.xml.bz2
[495/1041] kswikibooks-latest-pages-articles-multistream.xml.bz2
[496/1041] kswikiquote-latest-pages-articles-multistream.xml.bz2
[497/1041] kswiktionary-latest-pages-articles-multistream.xml.bz2
[498/1041] kuswiki-latest-pages-articles-multistream.xml.bz2
[499/1041] kuwiki-latest-pages-articles-multistream.xml.bz2
[500/1041] kuwikibooks-latest-pages-articles-multistream.xml.bz2
[501/1041] kuwikiquote-latest-pages-articles-multistream.xml.bz2
[502/1041] kuwiktionary-latest-pages-articles-multistream.xml.bz2
[503/1041] kvwiki-latest-pages-articles-multistream.xml.bz2
[504/1041] kwwiki-latest-pages-articles-multistream.xml.bz2
[505/1041] kwwikiquote-latest-pages-articles-multistream.xml.bz2
[506/1041] kwwiktionary-latest-pages-articles-multistream.xml.bz2
[507/1041] kywiki-latest-pages-articles-multistream.xml.bz2
[508/1041] kywikibooks-latest-pages-articles-multistream.xml.bz2
[509/1041] kywikiquote-latest-pages-articles-multistream.xml.bz2
[510/1041] kywiktionary-latest-pages-articles-multistream.xml.bz2
[511/1041] labswiki-latest-pages-articles-multistream.xml.bz2
[512/1041] ladwiki-latest-pages-articles-multistream.xml.bz2
[513/1041] lawiki-latest-pages-articles-multistream.xml.bz2
[514/1041] lawikibooks-latest-pages-articles-multistream.xml.bz2
[515/1041] lawikiquote-latest-pages-articles-multistream.xml.bz2
[516/1041] lawikisource-latest-pages-articles-multistream.xml.bz2
[517/1041] lawiktionary-latest-pages-articles-multistream.xml.bz2
[518/1041] lbewiki-latest-pages-articles-multistream.xml.bz2
[519/1041] lbwiki-latest-pages-articles-multistream.xml.bz2
[520/1041] lbwikibooks-latest-pages-articles-multistream.xml.bz2
[521/1041] lbwikiquote-latest-pages-articles-multistream.xml.bz2
[522/1041] lbwiktionary-latest-pages-articles-multistream.xml.bz2
[523/1041] lezwiki-latest-pages-articles-multistream.xml.bz2
[524/1041] lfnwiki-latest-pages-articles-multistream.xml.bz2
[525/1041] lgwiki-latest-pages-articles-multistream.xml.bz2
[526/1041] lijwiki-latest-pages-articles-multistream.xml.bz2
[527/1041] lijwikisource-latest-pages-articles-multistream.xml.bz2
[528/1041] liquidthreads_labswikimedia-latest-pages-articles-multistream.xml.bz2
[529/1041] liwiki-latest-pages-articles-multistream.xml.bz2
[530/1041] liwikibooks-latest-pages-articles-multistream.xml.bz2
[531/1041] liwikinews-latest-pages-articles-multistream.xml.bz2
[532/1041] liwikiquote-latest-pages-articles-multistream.xml.bz2
[533/1041] liwikisource-latest-pages-articles-multistream.xml.bz2
[534/1041] liwiktionary-latest-pages-articles-multistream.xml.bz2
[535/1041] lldwiki-latest-pages-articles-multistream.xml.bz2
[536/1041] lmowiki-latest-pages-articles-multistream.xml.bz2
[537/1041] lmowiktionary-latest-pages-articles-multistream.xml.bz2
[538/1041] lnwiki-latest-pages-articles-multistream.xml.bz2
[539/1041] lnwikibooks-latest-pages-articles-multistream.xml.bz2
[540/1041] lnwiktionary-latest-pages-articles-multistream.xml.bz2
[541/1041] loginwiki-latest-pages-articles-multistream.xml.bz2
[542/1041] lowiki-latest-pages-articles-multistream.xml.bz2
[543/1041] lowiktionary-latest-pages-articles-multistream.xml.bz2
[544/1041] lrcwiki-latest-pages-articles-multistream.xml.bz2
[545/1041] ltgwiki-latest-pages-articles-multistream.xml.bz2
[546/1041] ltwiki-latest-pages-articles-multistream.xml.bz2
[547/1041] ltwikibooks-latest-pages-articles-multistream.xml.bz2
[548/1041] ltwikiquote-latest-pages-articles-multistream.xml.bz2
[549/1041] ltwikisource-latest-pages-articles-multistream.xml.bz2
[550/1041] ltwiktionary-latest-pages-articles-multistream.xml.bz2
[551/1041] lvwiki-latest-pages-articles-multistream.xml.bz2
[552/1041] lvwikibooks-latest-pages-articles-multistream.xml.bz2
[553/1041] lvwiktionary-latest-pages-articles-multistream.xml.bz2
[554/1041] madwiki-latest-pages-articles-multistream.xml.bz2
[555/1041] madwikisource-latest-pages-articles-multistream.xml.bz2
[556/1041] madwiktionary-latest-pages-articles-multistream.xml.bz2
[557/1041] magwiki-latest-pages-articles-multistream.xml.bz2
[558/1041] maiwiki-latest-pages-articles-multistream.xml.bz2
[559/1041] maiwikimedia-latest-pages-articles-multistream.xml.bz2
[560/1041] map_bmswiki-latest-pages-articles-multistream.xml.bz2
[561/1041] mdfwiki-latest-pages-articles-multistream.xml.bz2
[562/1041] mediawikiwiki-latest-pages-articles-multistream.xml.bz2
[563/1041] metawiki-latest-pages-articles-multistream.xml.bz2
[564/1041] mgwiki-latest-pages-articles-multistream.xml.bz2
[565/1041] mgwikibooks-latest-pages-articles-multistream.xml.bz2
[566/1041] mgwiktionary-latest-pages-articles-multistream.xml.bz2
[567/1041] mhrwiki-latest-pages-articles-multistream.xml.bz2
[568/1041] mhwiki-latest-pages-articles-multistream.xml.bz2
[569/1041] mhwiktionary-latest-pages-articles-multistream.xml.bz2
[570/1041] minwiki-latest-pages-articles-multistream.xml.bz2
[571/1041] minwikibooks-latest-pages-articles-multistream.xml.bz2
[572/1041] minwikiquote-latest-pages-articles-multistream.xml.bz2
[573/1041] minwikisource-latest-pages-articles-multistream.xml.bz2
[574/1041] minwiktionary-latest-pages-articles-multistream.xml.bz2
[575/1041] miwiki-latest-pages-articles-multistream.xml.bz2
[576/1041] miwikibooks-latest-pages-articles-multistream.xml.bz2
[577/1041] miwiktionary-latest-pages-articles-multistream.xml.bz2
[578/1041] mkwiki-latest-pages-articles-multistream.xml.bz2
[579/1041] mkwikibooks-latest-pages-articles-multistream.xml.bz2
[580/1041] mkwikimedia-latest-pages-articles-multistream.xml.bz2
[581/1041] mkwikisource-latest-pages-articles-multistream.xml.bz2
[582/1041] mkwiktionary-latest-pages-articles-multistream.xml.bz2
[583/1041] mlwiki-latest-pages-articles-multistream.xml.bz2
[584/1041] mlwikibooks-latest-pages-articles-multistream.xml.bz2
[585/1041] mlwikiquote-latest-pages-articles-multistream.xml.bz2
[586/1041] mlwikisource-latest-pages-articles-multistream.xml.bz2
[587/1041] mlwiktionary-latest-pages-articles-multistream.xml.bz2
[588/1041] mniwiki-latest-pages-articles-multistream.xml.bz2
[589/1041] mniwiktionary-latest-pages-articles-multistream.xml.bz2
[590/1041] mnwiki-latest-pages-articles-multistream.xml.bz2
[591/1041] mnwikibooks-latest-pages-articles-multistream.xml.bz2
[592/1041] mnwiktionary-latest-pages-articles-multistream.xml.bz2
[593/1041] mnwwiki-latest-pages-articles-multistream.xml.bz2
[594/1041] mnwwiktionary-latest-pages-articles-multistream.xml.bz2
[595/1041] moswiki-latest-pages-articles-multistream.xml.bz2
[596/1041] mowiki-latest-pages-articles-multistream.xml.bz2
[597/1041] mowiktionary-latest-pages-articles-multistream.xml.bz2
[598/1041] mrjwiki-latest-pages-articles-multistream.xml.bz2
[599/1041] mrwiki-latest-pages-articles-multistream.xml.bz2
[600/1041] mrwikibooks-latest-pages-articles-multistream.xml.bz2
[601/1041] mrwikiquote-latest-pages-articles-multistream.xml.bz2
[602/1041] mrwikisource-latest-pages-articles-multistream.xml.bz2
[603/1041] mrwiktionary-latest-pages-articles-multistream.xml.bz2
[604/1041] mswiki-latest-pages-articles-multistream.xml.bz2
[605/1041] mswikibooks-latest-pages-articles-multistream.xml.bz2
[606/1041] mswikiquote-latest-pages-articles-multistream.xml.bz2
[607/1041] mswikisource-latest-pages-articles-multistream.xml.bz2
[608/1041] mswiktionary-latest-pages-articles-multistream.xml.bz2
[609/1041] mtwiki-latest-pages-articles-multistream.xml.bz2
[610/1041] mtwiktionary-latest-pages-articles-multistream.xml.bz2
[611/1041] muswiki-latest-pages-articles-multistream.xml.bz2
[612/1041] mwlwiki-latest-pages-articles-multistream.xml.bz2
[613/1041] mxwikimedia-latest-pages-articles-multistream.xml.bz2
[614/1041] myvwiki-latest-pages-articles-multistream.xml.bz2
[615/1041] mywiki-latest-pages-articles-multistream.xml.bz2
[616/1041] mywikibooks-latest-pages-articles-multistream.xml.bz2
[617/1041] mywikisource-latest-pages-articles-multistream.xml.bz2
[618/1041] mywiktionary-latest-pages-articles-multistream.xml.bz2
[619/1041] mznwiki-latest-pages-articles-multistream.xml.bz2
[620/1041] nahwiki-latest-pages-articles-multistream.xml.bz2
[621/1041] nahwikibooks-latest-pages-articles-multistream.xml.bz2
[622/1041] nahwiktionary-latest-pages-articles-multistream.xml.bz2
[623/1041] napwiki-latest-pages-articles-multistream.xml.bz2
[624/1041] napwikisource-latest-pages-articles-multistream.xml.bz2
[625/1041] nawiki-latest-pages-articles-multistream.xml.bz2
[626/1041] nawikibooks-latest-pages-articles-multistream.xml.bz2
[627/1041] nawikiquote-latest-pages-articles-multistream.xml.bz2
[628/1041] nawiktionary-latest-pages-articles-multistream.xml.bz2
[629/1041] nds_nlwiki-latest-pages-articles-multistream.xml.bz2
[630/1041] ndswiki-latest-pages-articles-multistream.xml.bz2
[631/1041] ndswikibooks-latest-pages-articles-multistream.xml.bz2
[632/1041] ndswikiquote-latest-pages-articles-multistream.xml.bz2
[633/1041] ndswiktionary-latest-pages-articles-multistream.xml.bz2
[634/1041] newiki-latest-pages-articles-multistream.xml.bz2
[635/1041] newikibooks-latest-pages-articles-multistream.xml.bz2
[636/1041] newiktionary-latest-pages-articles-multistream.xml.bz2
[637/1041] newwiki-latest-pages-articles-multistream.xml.bz2
[638/1041] ngwiki-latest-pages-articles-multistream.xml.bz2
[639/1041] ngwikimedia-latest-pages-articles-multistream.xml.bz2
[640/1041] niawiki-latest-pages-articles-multistream.xml.bz2
[641/1041] niawiktionary-latest-pages-articles-multistream.xml.bz2
[642/1041] nlwiki-latest-pages-articles-multistream.xml.bz2
[643/1041] nlwikibooks-latest-pages-articles-multistream.xml.bz2
[644/1041] nlwikimedia-latest-pages-articles-multistream.xml.bz2
[645/1041] nlwikinews-latest-pages-articles-multistream.xml.bz2
[646/1041] nlwikiquote-latest-pages-articles-multistream.xml.bz2
[647/1041] nlwikisource-latest-pages-articles-multistream.xml.bz2
[648/1041] nlwikivoyage-latest-pages-articles-multistream.xml.bz2
[649/1041] nlwiktionary-latest-pages-articles-multistream.xml.bz2
[650/1041] nnwiki-latest-pages-articles-multistream.xml.bz2
[651/1041] nnwikiquote-latest-pages-articles-multistream.xml.bz2
[652/1041] nnwiktionary-latest-pages-articles-multistream.xml.bz2
[653/1041] nostalgiawiki-latest-pages-articles-multistream.xml.bz2
[654/1041] novwiki-latest-pages-articles-multistream.xml.bz2
[655/1041] nowiki-latest-pages-articles-multistream.xml.bz2
[656/1041] nowikibooks-latest-pages-articles-multistream.xml.bz2
[657/1041] nowikimedia-latest-pages-articles-multistream.xml.bz2
[658/1041] nowikinews-latest-pages-articles-multistream.xml.bz2
[659/1041] nowikiquote-latest-pages-articles-multistream.xml.bz2
[660/1041] nowikisource-latest-pages-articles-multistream.xml.bz2
[661/1041] nowiktionary-latest-pages-articles-multistream.xml.bz2
[662/1041] nqowiki-latest-pages-articles-multistream.xml.bz2
[663/1041] nrmwiki-latest-pages-articles-multistream.xml.bz2
[664/1041] nrwiki-latest-pages-articles-multistream.xml.bz2
[665/1041] nsowiki-latest-pages-articles-multistream.xml.bz2
[666/1041] nupwiki-latest-pages-articles-multistream.xml.bz2
[667/1041] nvwiki-latest-pages-articles-multistream.xml.bz2
[668/1041] nycwikimedia-latest-pages-articles-multistream.xml.bz2
[669/1041] nywiki-latest-pages-articles-multistream.xml.bz2
[670/1041] nzwikimedia-latest-pages-articles-multistream.xml.bz2
[671/1041] ocwiki-latest-pages-articles-multistream.xml.bz2
[672/1041] ocwikibooks-latest-pages-articles-multistream.xml.bz2
[673/1041] ocwiktionary-latest-pages-articles-multistream.xml.bz2
[674/1041] olowiki-latest-pages-articles-multistream.xml.bz2
[675/1041] omwiki-latest-pages-articles-multistream.xml.bz2
[676/1041] omwiktionary-latest-pages-articles-multistream.xml.bz2
[677/1041] orwiki-latest-pages-articles-multistream.xml.bz2
[678/1041] orwikisource-latest-pages-articles-multistream.xml.bz2
[679/1041] orwiktionary-latest-pages-articles-multistream.xml.bz2
[680/1041] oswiki-latest-pages-articles-multistream.xml.bz2
[681/1041] outreachwiki-latest-pages-articles-multistream.xml.bz2
[682/1041] pa_uswikimedia-latest-pages-articles-multistream.xml.bz2
[683/1041] pagwiki-latest-pages-articles-multistream.xml.bz2
[684/1041] pamwiki-latest-pages-articles-multistream.xml.bz2
[685/1041] papwiki-latest-pages-articles-multistream.xml.bz2
[686/1041] pawiki-latest-pages-articles-multistream.xml.bz2
[687/1041] pawikibooks-latest-pages-articles-multistream.xml.bz2
[688/1041] pawikisource-latest-pages-articles-multistream.xml.bz2
[689/1041] pawiktionary-latest-pages-articles-multistream.xml.bz2
[690/1041] pcdwiki-latest-pages-articles-multistream.xml.bz2
[691/1041] pcmwiki-latest-pages-articles-multistream.xml.bz2
[692/1041] pcmwikiquote-latest-pages-articles-multistream.xml.bz2
[693/1041] pdcwiki-latest-pages-articles-multistream.xml.bz2
[694/1041] pflwiki-latest-pages-articles-multistream.xml.bz2
[695/1041] pihwiki-latest-pages-articles-multistream.xml.bz2
[696/1041] piwiki-latest-pages-articles-multistream.xml.bz2
[697/1041] piwiktionary-latest-pages-articles-multistream.xml.bz2
[698/1041] plwiki-latest-pages-articles-multistream.xml.bz2
[699/1041] plwikibooks-latest-pages-articles-multistream.xml.bz2
[700/1041] plwikimedia-latest-pages-articles-multistream.xml.bz2
[701/1041] plwikinews-latest-pages-articles-multistream.xml.bz2
[702/1041] plwikiquote-latest-pages-articles-multistream.xml.bz2
[703/1041] plwikisource-latest-pages-articles-multistream.xml.bz2
[704/1041] plwikivoyage-latest-pages-articles-multistream.xml.bz2
[705/1041] plwiktionary-latest-pages-articles-multistream.xml.bz2
[706/1041] pmswiki-latest-pages-articles-multistream.xml.bz2
[707/1041] pmswikisource-latest-pages-articles-multistream.xml.bz2
[708/1041] pnbwiki-latest-pages-articles-multistream.xml.bz2
[709/1041] pnbwiktionary-latest-pages-articles-multistream.xml.bz2
[710/1041] pntwiki-latest-pages-articles-multistream.xml.bz2
[711/1041] pplwiki-latest-pages-articles-multistream.xml.bz2
[712/1041] pswiki-latest-pages-articles-multistream.xml.bz2
[713/1041] pswikibooks-latest-pages-articles-multistream.xml.bz2
[714/1041] pswikivoyage-latest-pages-articles-multistream.xml.bz2
[715/1041] pswiktionary-latest-pages-articles-multistream.xml.bz2
[716/1041] ptwiki-latest-pages-articles-multistream.xml.bz2
[717/1041] ptwikibooks-latest-pages-articles-multistream.xml.bz2
[718/1041] ptwikimedia-latest-pages-articles-multistream.xml.bz2
[719/1041] ptwikinews-latest-pages-articles-multistream.xml.bz2
[720/1041] ptwikiquote-latest-pages-articles-multistream.xml.bz2
[721/1041] ptwikisource-latest-pages-articles-multistream.xml.bz2
[722/1041] ptwikiversity-latest-pages-articles-multistream.xml.bz2
[723/1041] ptwikivoyage-latest-pages-articles-multistream.xml.bz2
[724/1041] ptwiktionary-latest-pages-articles-multistream.xml.bz2
[725/1041] punjabiwikimedia-latest-pages-articles-multistream.xml.bz2
[726/1041] pwnwiki-latest-pages-articles-multistream.xml.bz2
[727/1041] qualitywiki-latest-pages-articles-multistream.xml.bz2
[728/1041] quwiki-latest-pages-articles-multistream.xml.bz2
[729/1041] quwikibooks-latest-pages-articles-multistream.xml.bz2
[730/1041] quwikiquote-latest-pages-articles-multistream.xml.bz2
[731/1041] quwiktionary-latest-pages-articles-multistream.xml.bz2
[732/1041] readerfeedback_labswikimedia-latest-pages-articles-multistream.xml.bz2
[733/1041] rkiwiki-latest-pages-articles-multistream.xml.bz2
[734/1041] rmwiki-latest-pages-articles-multistream.xml.bz2
[735/1041] rmwikibooks-latest-pages-articles-multistream.xml.bz2
[736/1041] rmwiktionary-latest-pages-articles-multistream.xml.bz2
[737/1041] rmywiki-latest-pages-articles-multistream.xml.bz2
[738/1041] rnwiki-latest-pages-articles-multistream.xml.bz2
[739/1041] rnwiktionary-latest-pages-articles-multistream.xml.bz2
[740/1041] roa_rupwiki-latest-pages-articles-multistream.xml.bz2
[741/1041] roa_rupwiktionary-latest-pages-articles-multistream.xml.bz2
[742/1041] roa_tarawiki-latest-pages-articles-multistream.xml.bz2
[743/1041] romdwikimedia-latest-pages-articles-multistream.xml.bz2
[744/1041] rowiki-latest-pages-articles-multistream.xml.bz2
[745/1041] rowikibooks-latest-pages-articles-multistream.xml.bz2
[746/1041] rowikinews-latest-pages-articles-multistream.xml.bz2
[747/1041] rowikiquote-latest-pages-articles-multistream.xml.bz2
[748/1041] rowikisource-latest-pages-articles-multistream.xml.bz2
[749/1041] rowikivoyage-latest-pages-articles-multistream.xml.bz2
[750/1041] rowiktionary-latest-pages-articles-multistream.xml.bz2
[751/1041] rskwiki-latest-pages-articles-multistream.xml.bz2
[752/1041] rswikimedia-latest-pages-articles-multistream.xml.bz2
[753/1041] ruewiki-latest-pages-articles-multistream.xml.bz2
[754/1041] ruwiki-latest-pages-articles-multistream.xml.bz2
[755/1041] ruwikibooks-latest-pages-articles-multistream.xml.bz2
[756/1041] ruwikimedia-latest-pages-articles-multistream.xml.bz2
[757/1041] ruwikinews-latest-pages-articles-multistream.xml.bz2
[758/1041] ruwikiquote-latest-pages-articles-multistream.xml.bz2
[759/1041] ruwikisource-latest-pages-articles-multistream.xml.bz2
[760/1041] ruwikiversity-latest-pages-articles-multistream.xml.bz2
[761/1041] ruwikivoyage-latest-pages-articles-multistream.xml.bz2
[762/1041] ruwiktionary-latest-pages-articles-multistream.xml.bz2
[763/1041] rwwiki-latest-pages-articles-multistream.xml.bz2
[764/1041] rwwiktionary-latest-pages-articles-multistream.xml.bz2
[765/1041] sahwiki-latest-pages-articles-multistream.xml.bz2
[766/1041] sahwikiquote-latest-pages-articles-multistream.xml.bz2
[767/1041] sahwikisource-latest-pages-articles-multistream.xml.bz2
[768/1041] satwiki-latest-pages-articles-multistream.xml.bz2
[769/1041] satwiktionary-latest-pages-articles-multistream.xml.bz2
[770/1041] sawiki-latest-pages-articles-multistream.xml.bz2
[771/1041] sawikibooks-latest-pages-articles-multistream.xml.bz2
[772/1041] sawikiquote-latest-pages-articles-multistream.xml.bz2
[773/1041] sawikisource-latest-pages-articles-multistream.xml.bz2
[774/1041] sawiktionary-latest-pages-articles-multistream.xml.bz2
[775/1041] scnwiki-latest-pages-articles-multistream.xml.bz2
[776/1041] scnwiktionary-latest-pages-articles-multistream.xml.bz2
[777/1041] scowiki-latest-pages-articles-multistream.xml.bz2
[778/1041] scwiki-latest-pages-articles-multistream.xml.bz2
[779/1041] scwiktionary-latest-pages-articles-multistream.xml.bz2
[780/1041] sdwiki-latest-pages-articles-multistream.xml.bz2
[781/1041] sdwikinews-latest-pages-articles-multistream.xml.bz2
[782/1041] sdwiktionary-latest-pages-articles-multistream.xml.bz2
[783/1041] sewiki-latest-pages-articles-multistream.xml.bz2
[784/1041] sewikibooks-latest-pages-articles-multistream.xml.bz2
[785/1041] sewikimedia-latest-pages-articles-multistream.xml.bz2
[786/1041] sgwiki-latest-pages-articles-multistream.xml.bz2
[787/1041] sgwiktionary-latest-pages-articles-multistream.xml.bz2
[788/1041] shiwiki-latest-pages-articles-multistream.xml.bz2
[789/1041] shnwiki-latest-pages-articles-multistream.xml.bz2
[790/1041] shnwikibooks-latest-pages-articles-multistream.xml.bz2
[791/1041] shnwikinews-latest-pages-articles-multistream.xml.bz2
[792/1041] shnwikivoyage-latest-pages-articles-multistream.xml.bz2
[793/1041] shnwiktionary-latest-pages-articles-multistream.xml.bz2
[794/1041] shwiki-latest-pages-articles-multistream.xml.bz2
[795/1041] shwiktionary-latest-pages-articles-multistream.xml.bz2
[796/1041] shywiktionary-latest-pages-articles-multistream.xml.bz2
[797/1041] simplewiki-latest-pages-articles-multistream.xml.bz2
[798/1041] simplewikibooks-latest-pages-articles-multistream.xml.bz2
[799/1041] simplewikiquote-latest-pages-articles-multistream.xml.bz2
[800/1041] simplewiktionary-latest-pages-articles-multistream.xml.bz2
[801/1041] siwiki-latest-pages-articles-multistream.xml.bz2
[802/1041] siwikibooks-latest-pages-articles-multistream.xml.bz2
[803/1041] siwiktionary-latest-pages-articles-multistream.xml.bz2
[804/1041] skrwiki-latest-pages-articles-multistream.xml.bz2
[805/1041] skrwiktionary-latest-pages-articles-multistream.xml.bz2
[806/1041] skwiki-latest-pages-articles-multistream.xml.bz2
[807/1041] skwikibooks-latest-pages-articles-multistream.xml.bz2
[808/1041] skwikiquote-latest-pages-articles-multistream.xml.bz2
[809/1041] skwikisource-latest-pages-articles-multistream.xml.bz2
[810/1041] skwiktionary-latest-pages-articles-multistream.xml.bz2
[811/1041] slwiki-latest-pages-articles-multistream.xml.bz2
[812/1041] slwikibooks-latest-pages-articles-multistream.xml.bz2
[813/1041] slwikiquote-latest-pages-articles-multistream.xml.bz2
[814/1041] slwikisource-latest-pages-articles-multistream.xml.bz2
[815/1041] slwikiversity-latest-pages-articles-multistream.xml.bz2
[816/1041] slwiktionary-latest-pages-articles-multistream.xml.bz2
[817/1041] smnwiki-latest-pages-articles-multistream.xml.bz2
[818/1041] smwiki-latest-pages-articles-multistream.xml.bz2
[819/1041] smwiktionary-latest-pages-articles-multistream.xml.bz2
[820/1041] snwiki-latest-pages-articles-multistream.xml.bz2
[821/1041] snwiktionary-latest-pages-articles-multistream.xml.bz2
[822/1041] sourceswiki-latest-pages-articles-multistream.xml.bz2
[823/1041] sowiki-latest-pages-articles-multistream.xml.bz2
[824/1041] sowiktionary-latest-pages-articles-multistream.xml.bz2
[825/1041] specieswiki-latest-pages-articles-multistream.xml.bz2
[826/1041] sqwiki-latest-pages-articles-multistream.xml.bz2
[827/1041] sqwikibooks-latest-pages-articles-multistream.xml.bz2
[828/1041] sqwikinews-latest-pages-articles-multistream.xml.bz2
[829/1041] sqwikiquote-latest-pages-articles-multistream.xml.bz2
[830/1041] sqwiktionary-latest-pages-articles-multistream.xml.bz2
[831/1041] srnwiki-latest-pages-articles-multistream.xml.bz2
[832/1041] srwiki-latest-pages-articles-multistream.xml.bz2
[833/1041] srwikibooks-latest-pages-articles-multistream.xml.bz2
[834/1041] srwikinews-latest-pages-articles-multistream.xml.bz2
[835/1041] srwikiquote-latest-pages-articles-multistream.xml.bz2
[836/1041] srwikisource-latest-pages-articles-multistream.xml.bz2
[837/1041] srwiktionary-latest-pages-articles-multistream.xml.bz2
[838/1041] sswiki-latest-pages-articles-multistream.xml.bz2
[839/1041] sswiktionary-latest-pages-articles-multistream.xml.bz2
[840/1041] stqwiki-latest-pages-articles-multistream.xml.bz2
[841/1041] strategywiki-latest-pages-articles-multistream.xml.bz2
[842/1041] stwiki-latest-pages-articles-multistream.xml.bz2
[843/1041] stwiktionary-latest-pages-articles-multistream.xml.bz2
[844/1041] suwiki-latest-pages-articles-multistream.xml.bz2
[845/1041] suwikibooks-latest-pages-articles-multistream.xml.bz2
[846/1041] suwikiquote-latest-pages-articles-multistream.xml.bz2
[847/1041] suwikisource-latest-pages-articles-multistream.xml.bz2
[848/1041] suwiktionary-latest-pages-articles-multistream.xml.bz2
[849/1041] svwiki-latest-pages-articles-multistream.xml.bz2
[850/1041] svwikibooks-latest-pages-articles-multistream.xml.bz2
[851/1041] svwikinews-latest-pages-articles-multistream.xml.bz2
[852/1041] svwikiquote-latest-pages-articles-multistream.xml.bz2
[853/1041] svwikisource-latest-pages-articles-multistream.xml.bz2
[854/1041] svwikiversity-latest-pages-articles-multistream.xml.bz2
[855/1041] svwikivoyage-latest-pages-articles-multistream.xml.bz2
[856/1041] svwiktionary-latest-pages-articles-multistream.xml.bz2
[857/1041] swwiki-latest-pages-articles-multistream.xml.bz2
[858/1041] swwikibooks-latest-pages-articles-multistream.xml.bz2
[859/1041] swwiktionary-latest-pages-articles-multistream.xml.bz2
[860/1041] sylwiki-latest-pages-articles-multistream.xml.bz2
[861/1041] szlwiki-latest-pages-articles-multistream.xml.bz2
[862/1041] szywiki-latest-pages-articles-multistream.xml.bz2
[863/1041] tawiki-latest-pages-articles-multistream.xml.bz2
[864/1041] tawikibooks-latest-pages-articles-multistream.xml.bz2
[865/1041] tawikinews-latest-pages-articles-multistream.xml.bz2
[866/1041] tawikiquote-latest-pages-articles-multistream.xml.bz2
[867/1041] tawikisource-latest-pages-articles-multistream.xml.bz2
[868/1041] tawiktionary-latest-pages-articles-multistream.xml.bz2
[869/1041] taywiki-latest-pages-articles-multistream.xml.bz2
[870/1041] tcywiki-latest-pages-articles-multistream.xml.bz2
[871/1041] tcywikisource-latest-pages-articles-multistream.xml.bz2
[872/1041] tcywiktionary-latest-pages-articles-multistream.xml.bz2
[873/1041] tddwiki-latest-pages-articles-multistream.xml.bz2
[874/1041] tenwiki-latest-pages-articles-multistream.xml.bz2
[875/1041] test2wiki-latest-pages-articles-multistream.xml.bz2
[876/1041] testcommonswiki-latest-pages-articles-multistream.xml.bz2
[877/1041] testwiki-latest-pages-articles-multistream.xml.bz2
[878/1041] testwikidatawiki-latest-pages-articles-multistream.xml.bz2
[879/1041] tetwiki-latest-pages-articles-multistream.xml.bz2
[880/1041] tewiki-latest-pages-articles-multistream.xml.bz2
[881/1041] tewikibooks-latest-pages-articles-multistream.xml.bz2
[882/1041] tewikiquote-latest-pages-articles-multistream.xml.bz2
[883/1041] tewikisource-latest-pages-articles-multistream.xml.bz2
[884/1041] tewiktionary-latest-pages-articles-multistream.xml.bz2
[885/1041] tgwiki-latest-pages-articles-multistream.xml.bz2
[886/1041] tgwikibooks-latest-pages-articles-multistream.xml.bz2
[887/1041] tgwiktionary-latest-pages-articles-multistream.xml.bz2
[888/1041] thankyouwiki-latest-pages-articles-multistream.xml.bz2
[889/1041] thwiki-latest-pages-articles-multistream.xml.bz2
[890/1041] thwikibooks-latest-pages-articles-multistream.xml.bz2
[891/1041] thwikimedia-latest-pages-articles-multistream.xml.bz2
[892/1041] thwikinews-latest-pages-articles-multistream.xml.bz2
[893/1041] thwikiquote-latest-pages-articles-multistream.xml.bz2
[894/1041] thwikisource-latest-pages-articles-multistream.xml.bz2
[895/1041] thwiktionary-latest-pages-articles-multistream.xml.bz2
[896/1041] tigwiki-latest-pages-articles-multistream.xml.bz2
[897/1041] tiwiki-latest-pages-articles-multistream.xml.bz2
[898/1041] tiwiktionary-latest-pages-articles-multistream.xml.bz2
[899/1041] tkwiki-latest-pages-articles-multistream.xml.bz2
[900/1041] tkwikibooks-latest-pages-articles-multistream.xml.bz2
[901/1041] tkwikiquote-latest-pages-articles-multistream.xml.bz2
[902/1041] tkwiktionary-latest-pages-articles-multistream.xml.bz2
[903/1041] tlwiki-latest-pages-articles-multistream.xml.bz2
[904/1041] tlwikibooks-latest-pages-articles-multistream.xml.bz2
[905/1041] tlwikiquote-latest-pages-articles-multistream.xml.bz2
[906/1041] tlwikisource-latest-pages-articles-multistream.xml.bz2
[907/1041] tlwiktionary-latest-pages-articles-multistream.xml.bz2
[908/1041] tlywiki-latest-pages-articles-multistream.xml.bz2
[909/1041] tnwiki-latest-pages-articles-multistream.xml.bz2
[910/1041] tnwiktionary-latest-pages-articles-multistream.xml.bz2
[911/1041] tokwiki-latest-pages-articles-multistream.xml.bz2
[912/1041] towiki-latest-pages-articles-multistream.xml.bz2
[913/1041] towiktionary-latest-pages-articles-multistream.xml.bz2
[914/1041] tpiwiki-latest-pages-articles-multistream.xml.bz2
[915/1041] tpiwiktionary-latest-pages-articles-multistream.xml.bz2
[916/1041] trvwiki-latest-pages-articles-multistream.xml.bz2
[917/1041] trwiki-latest-pages-articles-multistream.xml.bz2
[918/1041] trwikibooks-latest-pages-articles-multistream.xml.bz2
[919/1041] trwikimedia-latest-pages-articles-multistream.xml.bz2
[920/1041] trwikinews-latest-pages-articles-multistream.xml.bz2
[921/1041] trwikiquote-latest-pages-articles-multistream.xml.bz2
[922/1041] trwikisource-latest-pages-articles-multistream.xml.bz2
[923/1041] trwikivoyage-latest-pages-articles-multistream.xml.bz2
[924/1041] trwiktionary-latest-pages-articles-multistream.xml.bz2
[925/1041] tswiki-latest-pages-articles-multistream.xml.bz2
[926/1041] tswiktionary-latest-pages-articles-multistream.xml.bz2
[927/1041] ttwiki-latest-pages-articles-multistream.xml.bz2
[928/1041] ttwikibooks-latest-pages-articles-multistream.xml.bz2
[929/1041] ttwikiquote-latest-pages-articles-multistream.xml.bz2
[930/1041] ttwiktionary-latest-pages-articles-multistream.xml.bz2
[931/1041] tumwiki-latest-pages-articles-multistream.xml.bz2
[932/1041] twwiki-latest-pages-articles-multistream.xml.bz2
[933/1041] twwiktionary-latest-pages-articles-multistream.xml.bz2
[934/1041] tyvwiki-latest-pages-articles-multistream.xml.bz2
[935/1041] tywiki-latest-pages-articles-multistream.xml.bz2
[936/1041] uawikimedia-latest-pages-articles-multistream.xml.bz2
[937/1041] udmwiki-latest-pages-articles-multistream.xml.bz2
[938/1041] ugwiki-latest-pages-articles-multistream.xml.bz2
[939/1041] ugwikibooks-latest-pages-articles-multistream.xml.bz2
[940/1041] ugwikiquote-latest-pages-articles-multistream.xml.bz2
[941/1041] ugwiktionary-latest-pages-articles-multistream.xml.bz2
[942/1041] ukwiki-latest-pages-articles-multistream.xml.bz2
[943/1041] ukwikibooks-latest-pages-articles-multistream.xml.bz2
[944/1041] ukwikimedia-latest-pages-articles-multistream.xml.bz2
[945/1041] ukwikinews-latest-pages-articles-multistream.xml.bz2
[946/1041] ukwikiquote-latest-pages-articles-multistream.xml.bz2
[947/1041] ukwikisource-latest-pages-articles-multistream.xml.bz2
[948/1041] ukwikivoyage-latest-pages-articles-multistream.xml.bz2
[949/1041] ukwiktionary-latest-pages-articles-multistream.xml.bz2
[950/1041] urwiki-latest-pages-articles-multistream.xml.bz2
[951/1041] urwikibooks-latest-pages-articles-multistream.xml.bz2
[952/1041] urwikiquote-latest-pages-articles-multistream.xml.bz2
[953/1041] urwikisource-latest-pages-articles-multistream.xml.bz2
[954/1041] urwiktionary-latest-pages-articles-multistream.xml.bz2
[955/1041] usabilitywiki-latest-pages-articles-multistream.xml.bz2
[956/1041] uzwiki-latest-pages-articles-multistream.xml.bz2
[957/1041] uzwikibooks-latest-pages-articles-multistream.xml.bz2
[958/1041] uzwikiquote-latest-pages-articles-multistream.xml.bz2
[959/1041] uzwiktionary-latest-pages-articles-multistream.xml.bz2
[960/1041] vecwiki-latest-pages-articles-multistream.xml.bz2
[961/1041] vecwikisource-latest-pages-articles-multistream.xml.bz2
[962/1041] vecwiktionary-latest-pages-articles-multistream.xml.bz2
[963/1041] vepwiki-latest-pages-articles-multistream.xml.bz2
[964/1041] vewiki-latest-pages-articles-multistream.xml.bz2
[965/1041] vewikimedia-latest-pages-articles-multistream.xml.bz2
[966/1041] viwiki-latest-pages-articles-multistream.xml.bz2
[967/1041] viwikibooks-latest-pages-articles-multistream.xml.bz2
[968/1041] viwikiquote-latest-pages-articles-multistream.xml.bz2
[969/1041] viwikisource-latest-pages-articles-multistream.xml.bz2
[970/1041] viwikivoyage-latest-pages-articles-multistream.xml.bz2
[971/1041] viwiktionary-latest-pages-articles-multistream.xml.bz2
[972/1041] vlswiki-latest-pages-articles-multistream.xml.bz2
[973/1041] votewiki-latest-pages-articles-multistream.xml.bz2
[974/1041] vowiki-latest-pages-articles-multistream.xml.bz2
[975/1041] vowikibooks-latest-pages-articles-multistream.xml.bz2
[976/1041] vowikiquote-latest-pages-articles-multistream.xml.bz2
[977/1041] vowiktionary-latest-pages-articles-multistream.xml.bz2
[978/1041] warwiki-latest-pages-articles-multistream.xml.bz2
[979/1041] wawiki-latest-pages-articles-multistream.xml.bz2
[980/1041] wawikibooks-latest-pages-articles-multistream.xml.bz2
[981/1041] wawikisource-latest-pages-articles-multistream.xml.bz2
[982/1041] wawiktionary-latest-pages-articles-multistream.xml.bz2
[983/1041] wbwikimedia-latest-pages-articles-multistream.xml.bz2
[984/1041] wikidatawiki-latest-pages-articles-multistream.xml.bz2
[985/1041] wikifunctionswiki-latest-pages-articles-multistream.xml.bz2
[986/1041] wikimania2005wiki-latest-pages-articles-multistream.xml.bz2
[987/1041] wikimania2006wiki-latest-pages-articles-multistream.xml.bz2
[988/1041] wikimania2007wiki-latest-pages-articles-multistream.xml.bz2
[989/1041] wikimania2008wiki-latest-pages-articles-multistream.xml.bz2
[990/1041] wikimania2009wiki-latest-pages-articles-multistream.xml.bz2
[991/1041] wikimania2010wiki-latest-pages-articles-multistream.xml.bz2
[992/1041] wikimania2011wiki-latest-pages-articles-multistream.xml.bz2
[993/1041] wikimania2012wiki-latest-pages-articles-multistream.xml.bz2
[994/1041] wikimania2013wiki-latest-pages-articles-multistream.xml.bz2
[995/1041] wikimania2014wiki-latest-pages-articles-multistream.xml.bz2
[996/1041] wikimania2015wiki-latest-pages-articles-multistream.xml.bz2
[997/1041] wikimania2016wiki-latest-pages-articles-multistream.xml.bz2
[998/1041] wikimania2017wiki-latest-pages-articles-multistream.xml.bz2
[999/1041] wikimania2018wiki-latest-pages-articles-multistream.xml.bz2
[1000/1041] wikimaniawiki-latest-pages-articles-multistream.xml.bz2
[1001/1041] wowiki-latest-pages-articles-multistream.xml.bz2
[1002/1041] wowikiquote-latest-pages-articles-multistream.xml.bz2
[1003/1041] wowiktionary-latest-pages-articles-multistream.xml.bz2
[1004/1041] wuuwiki-latest-pages-articles-multistream.xml.bz2
[1005/1041] xalwiki-latest-pages-articles-multistream.xml.bz2
[1006/1041] xhwiki-latest-pages-articles-multistream.xml.bz2
[1007/1041] xhwikibooks-latest-pages-articles-multistream.xml.bz2
[1008/1041] xhwiktionary-latest-pages-articles-multistream.xml.bz2
[1009/1041] xmfwiki-latest-pages-articles-multistream.xml.bz2
[1010/1041] yiwiki-latest-pages-articles-multistream.xml.bz2
[1011/1041] yiwikisource-latest-pages-articles-multistream.xml.bz2
[1012/1041] yiwiktionary-latest-pages-articles-multistream.xml.bz2
[1013/1041] yowiki-latest-pages-articles-multistream.xml.bz2
[1014/1041] yowikibooks-latest-pages-articles-multistream.xml.bz2
[1015/1041] yowiktionary-latest-pages-articles-multistream.xml.bz2
[1016/1041] yuewiktionary-latest-pages-articles-multistream.xml.bz2
[1017/1041] zawiki-latest-pages-articles-multistream.xml.bz2
[1018/1041] zawikibooks-latest-pages-articles-multistream.xml.bz2
[1019/1041] zawikiquote-latest-pages-articles-multistream.xml.bz2
[1020/1041] zawiktionary-latest-pages-articles-multistream.xml.bz2
[1021/1041] zeawiki-latest-pages-articles-multistream.xml.bz2
[1022/1041] zghwiki-latest-pages-articles-multistream.xml.bz2
[1023/1041] zghwiktionary-latest-pages-articles-multistream.xml.bz2
[1024/1041] zh_classicalwiki-latest-pages-articles-multistream.xml.bz2
[1025/1041] zh_min_nanwiki-latest-pages-articles-multistream.xml.bz2
[1026/1041] zh_min_nanwikibooks-latest-pages-articles-multistream.xml.bz2
[1027/1041] zh_min_nanwikiquote-latest-pages-articles-multistream.xml.bz2
[1028/1041] zh_min_nanwikisource-latest-pages-articles-multistream.xml.bz2
[1029/1041] zh_min_nanwiktionary-latest-pages-articles-multistream.xml.bz2
[1030/1041] zh_yuewiki-latest-pages-articles-multistream.xml.bz2
[1031/1041] zhwiki-latest-pages-articles-multistream.xml.bz2
[1032/1041] zhwikibooks-latest-pages-articles-multistream.xml.bz2
[1033/1041] zhwikinews-latest-pages-articles-multistream.xml.bz2
[1034/1041] zhwikiquote-latest-pages-articles-multistream.xml.bz2
[1035/1041] zhwikisource-latest-pages-articles-multistream.xml.bz2
[1036/1041] zhwikiversity-latest-pages-articles-multistream.xml.bz2
[1037/1041] zhwikivoyage-latest-pages-articles-multistream.xml.bz2
[1038/1041] zhwiktionary-latest-pages-articles-multistream.xml.bz2
[1039/1041] zuwiki-latest-pages-articles-multistream.xml.bz2
[1040/1041] zuwikibooks-latest-pages-articles-multistream.xml.bz2
[1041/1041] zuwiktionary-latest-pages-articles-multistream.xml.bz2
